// Jest Snapshot v1, https://goo.gl/fbAQLP

exports[`Progressbar.vue renders OXD Progressbar 1`] = `
<div class="std-progressbar">
  <div class="std-progressbar-wrapper">
    <div style="width: 0%;" class="std-progressbar-ticker std-progressbar-ticker--default"></div>
  </div>
  <p class="std-text std-text--p std-progressbar-text">0%</p>
</div>
`;
