// Jest Snapshot v1, https://goo.gl/fbAQLP

exports[`Dialog > Overlay.vue should renders STD Dialog > Overlay 1`] = `<div role="dialog" class="std-overlay std-overlay--flex std-overlay--flex-centered std-overlay--hide"></div>`;

exports[`Dialog > Overlay.vue should renders STD Dialog > Overlay centered 1`] = `<div role="dialog" class="std-overlay std-overlay--flex std-overlay--flex-centered"></div>`;

exports[`Dialog > Overlay.vue should renders STD Dialog > Overlay show 1`] = `<div role="dialog" class="std-overlay std-overlay--flex std-overlay--flex-centered"></div>`;
