// Jest Snapshot v1, https://goo.gl/fbAQLP

exports[`MultiSelectInput.vue renders OXD MultiSelect Input 1`] = `
<div class="std-multiselect-wrapper">
  <div class="std-select-text std-select-text--active">
    <div class="std-select-text-input" tabindex="0"></div>
    <div class="std-select-text--after"><i class="std-icon bi-caret-down-fill std-select-text--arrow"></i></div>
  </div>
  <!--v-if-->
  <div class="std-multiselect-chips-area"></div>
</div>
`;
