// Jest Snapshot v1, https://goo.gl/fbAQLP

exports[`Sheet.vue should renders STD Sheet 1`] = `<div class="std-sheet std-sheet--rounded std-sheet--gutters std-sheet--white"></div>`;

exports[`Sheet.vue should renders STD Sheet, not rounded 1`] = `<div class="std-sheet std-sheet--gutters std-sheet--white"></div>`;

exports[`Sheet.vue should renders STD Sheet, type gray 1`] = `<div class="std-sheet std-sheet--rounded std-sheet--gutters std-sheet--gray"></div>`;

exports[`Sheet.vue should renders STD Sheet, type gray-darken-1 1`] = `<div class="std-sheet std-sheet--rounded std-sheet--gutters std-sheet--gray-darken-1"></div>`;

exports[`Sheet.vue should renders STD Sheet, type gray-darken-2 1`] = `<div class="std-sheet std-sheet--rounded std-sheet--gutters std-sheet--gray-darken-2"></div>`;

exports[`Sheet.vue should renders STD Sheet, type gray-lighten-1 1`] = `<div class="std-sheet std-sheet--rounded std-sheet--gutters std-sheet--gray-lighten-1"></div>`;

exports[`Sheet.vue should renders STD Sheet, type gray-lighten-2 1`] = `<div class="std-sheet std-sheet--rounded std-sheet--gutters std-sheet--gray-lighten-2"></div>`;

exports[`Sheet.vue should renders STD Sheet, type light-gray 1`] = `<div class="std-sheet std-sheet--rounded std-sheet--gutters std-sheet--light-gray"></div>`;

exports[`Sheet.vue should renders STD Sheet, type pastel-white 1`] = `<div class="std-sheet std-sheet--rounded std-sheet--gutters std-sheet--pastel-white"></div>`;

exports[`Sheet.vue should renders STD Sheet, type white 1`] = `<div class="std-sheet std-sheet--rounded std-sheet--gutters std-sheet--white"></div>`;

exports[`Sheet.vue should renders STD Sheet, type white-shadow 1`] = `<div class="std-sheet std-sheet--rounded std-sheet--gutters std-sheet--white-shadow"></div>`;

exports[`Sheet.vue should renders STD Sheet, without gutters 1`] = `<div class="std-sheet std-sheet--rounded std-sheet--white"></div>`;
