// Jest Snapshot v1, https://goo.gl/fbAQLP

exports[`PasswordInput.vue renders STD Input 1`] = `<input class="std-input std-input--active" type="password" label="Input">`;

exports[`PasswordInput.vue should renders STD Input with custom color 1`] = `<input class="std-input std-input--active" style="background-color: aliceblue;" type="password" label="Input">`;

exports[`PasswordInput.vue should renders STD Input with error 1`] = `<input class="std-input std-input--active std-input--error" type="password" label="Input">`;
