// Jest Snapshot v1, https://goo.gl/fbAQLP

exports[`Alert.vue renders OXD Alert 1`] = `
<div class="std-alert std-alert--success" role="alert">
  <div class="std-alert-content std-alert-content--success">
    <std-icon-stub class="std-alert-content-icon"></std-icon-stub>
    <std-text-stub class="std-alert-content-text"></std-text-stub>
  </div>
  <div class="std-alert-action"></div>
</div>
`;
